Archive member included because of file (symbol)

c:/drive d/my files/handasa/self study/embedded systems/imt diploma/software/imt_sdk_win_64/imt_sdk_win_64/winavr/bin/../lib/gcc/avr/4.3.3/avr5\libgcc.a(_udivmodhi4.o)
                              ./ultrasonic.o (__udivmodhi4)
c:/drive d/my files/handasa/self study/embedded systems/imt diploma/software/imt_sdk_win_64/imt_sdk_win_64/winavr/bin/../lib/gcc/avr/4.3.3/avr5\libgcc.a(_exit.o)
                              c:/drive d/my files/handasa/self study/embedded systems/imt diploma/software/imt_sdk_win_64/imt_sdk_win_64/winavr/bin/../lib/gcc/avr/4.3.3/../../../../avr/lib/avr5/crtm32.o (exit)
c:/drive d/my files/handasa/self study/embedded systems/imt diploma/software/imt_sdk_win_64/imt_sdk_win_64/winavr/bin/../lib/gcc/avr/4.3.3/avr5\libgcc.a(_clear_bss.o)
                              ./timer.o (__do_clear_bss)

Memory Configuration

Name             Origin             Length             Attributes
text             0x00000000         0x00020000         xr
data             0x00800060         0x0000ffa0         rw !x
eeprom           0x00810000         0x00010000         rw !x
fuse             0x00820000         0x00000400         rw !x
lock             0x00830000         0x00000400         rw !x
signature        0x00840000         0x00000400         rw !x
*default*        0x00000000         0xffffffff

Linker script and memory map

LOAD c:/drive d/my files/handasa/self study/embedded systems/imt diploma/software/imt_sdk_win_64/imt_sdk_win_64/winavr/bin/../lib/gcc/avr/4.3.3/../../../../avr/lib/avr5/crtm32.o
LOAD ./motor.o
LOAD ./phase2.o
LOAD ./pwm.o
LOAD ./timer.o
LOAD ./ultrasonic.o
LOAD c:/drive d/my files/handasa/self study/embedded systems/imt diploma/software/imt_sdk_win_64/imt_sdk_win_64/winavr/bin/../lib/gcc/avr/4.3.3/avr5\libgcc.a
LOAD c:/drive d/my files/handasa/self study/embedded systems/imt diploma/software/imt_sdk_win_64/imt_sdk_win_64/winavr/bin/../lib/gcc/avr/4.3.3/../../../../avr/lib/avr5\libc.a
LOAD c:/drive d/my files/handasa/self study/embedded systems/imt diploma/software/imt_sdk_win_64/imt_sdk_win_64/winavr/bin/../lib/gcc/avr/4.3.3/avr5\libgcc.a

.hash
 *(.hash)

.dynsym
 *(.dynsym)

.dynstr
 *(.dynstr)

.gnu.version
 *(.gnu.version)

.gnu.version_d
 *(.gnu.version_d)

.gnu.version_r
 *(.gnu.version_r)

.rel.init
 *(.rel.init)

.rela.init
 *(.rela.init)

.rel.text
 *(.rel.text)
 *(.rel.text.*)
 *(.rel.gnu.linkonce.t*)

.rela.text
 *(.rela.text)
 *(.rela.text.*)
 *(.rela.gnu.linkonce.t*)

.rel.fini
 *(.rel.fini)

.rela.fini
 *(.rela.fini)

.rel.rodata
 *(.rel.rodata)
 *(.rel.rodata.*)
 *(.rel.gnu.linkonce.r*)

.rela.rodata
 *(.rela.rodata)
 *(.rela.rodata.*)
 *(.rela.gnu.linkonce.r*)

.rel.data
 *(.rel.data)
 *(.rel.data.*)
 *(.rel.gnu.linkonce.d*)

.rela.data
 *(.rela.data)
 *(.rela.data.*)
 *(.rela.gnu.linkonce.d*)

.rel.ctors
 *(.rel.ctors)

.rela.ctors
 *(.rela.ctors)

.rel.dtors
 *(.rel.dtors)

.rela.dtors
 *(.rela.dtors)

.rel.got
 *(.rel.got)

.rela.got
 *(.rela.got)

.rel.bss
 *(.rel.bss)

.rela.bss
 *(.rela.bss)

.rel.plt
 *(.rel.plt)

.rela.plt
 *(.rela.plt)

.text           0x00000000      0x696
 *(.vectors)
 .vectors       0x00000000       0x54 c:/drive d/my files/handasa/self study/embedded systems/imt diploma/software/imt_sdk_win_64/imt_sdk_win_64/winavr/bin/../lib/gcc/avr/4.3.3/../../../../avr/lib/avr5/crtm32.o
                0x00000000                __vectors
                0x00000000                __vector_default
 *(.vectors)
 *(.progmem.gcc*)
 *(.progmem*)
                0x00000054                . = ALIGN (0x2)
                0x00000054                __trampolines_start = .
 *(.trampolines)
 .trampolines   0x00000054        0x0 linker stubs
 *(.trampolines*)
                0x00000054                __trampolines_end = .
 *(.jumptables)
 *(.jumptables*)
 *(.lowtext)
 *(.lowtext*)
                0x00000054                __ctors_start = .
 *(.ctors)
                0x00000054                __ctors_end = .
                0x00000054                __dtors_start = .
 *(.dtors)
                0x00000054                __dtors_end = .
 SORT(*)(.ctors)
 SORT(*)(.dtors)
 *(.init0)
 .init0         0x00000054        0x0 c:/drive d/my files/handasa/self study/embedded systems/imt diploma/software/imt_sdk_win_64/imt_sdk_win_64/winavr/bin/../lib/gcc/avr/4.3.3/../../../../avr/lib/avr5/crtm32.o
                0x00000054                __init
 *(.init0)
 *(.init1)
 *(.init1)
 *(.init2)
 .init2         0x00000054        0xc c:/drive d/my files/handasa/self study/embedded systems/imt diploma/software/imt_sdk_win_64/imt_sdk_win_64/winavr/bin/../lib/gcc/avr/4.3.3/../../../../avr/lib/avr5/crtm32.o
 *(.init2)
 *(.init3)
 *(.init3)
 *(.init4)
 .init4         0x00000060       0x10 c:/drive d/my files/handasa/self study/embedded systems/imt diploma/software/imt_sdk_win_64/imt_sdk_win_64/winavr/bin/../lib/gcc/avr/4.3.3/avr5\libgcc.a(_clear_bss.o)
                0x00000060                __do_clear_bss
 *(.init4)
 *(.init5)
 *(.init5)
 *(.init6)
 *(.init6)
 *(.init7)
 *(.init7)
 *(.init8)
 *(.init8)
 *(.init9)
 .init9         0x00000070        0x8 c:/drive d/my files/handasa/self study/embedded systems/imt diploma/software/imt_sdk_win_64/imt_sdk_win_64/winavr/bin/../lib/gcc/avr/4.3.3/../../../../avr/lib/avr5/crtm32.o
 *(.init9)
 *(.text)
 .text          0x00000078        0x4 c:/drive d/my files/handasa/self study/embedded systems/imt diploma/software/imt_sdk_win_64/imt_sdk_win_64/winavr/bin/../lib/gcc/avr/4.3.3/../../../../avr/lib/avr5/crtm32.o
                0x00000078                __vector_1
                0x00000078                __vector_12
                0x00000078                __bad_interrupt
                0x00000078                __vector_6
                0x00000078                __vector_13
                0x00000078                __vector_17
                0x00000078                __vector_19
                0x00000078                __vector_7
                0x00000078                __vector_5
                0x00000078                __vector_4
                0x00000078                __vector_9
                0x00000078                __vector_2
                0x00000078                __vector_15
                0x00000078                __vector_8
                0x00000078                __vector_14
                0x00000078                __vector_10
                0x00000078                __vector_16
                0x00000078                __vector_18
                0x00000078                __vector_20
 .text          0x0000007c        0x0 ./motor.o
 .text          0x0000007c        0x0 ./phase2.o
 .text          0x0000007c        0x0 ./pwm.o
 .text          0x0000007c        0x0 ./timer.o
 .text          0x0000007c        0x0 ./ultrasonic.o
 .text          0x0000007c        0x0 c:/drive d/my files/handasa/self study/embedded systems/imt diploma/software/imt_sdk_win_64/imt_sdk_win_64/winavr/bin/../lib/gcc/avr/4.3.3/avr5\libgcc.a(_udivmodhi4.o)
 .text          0x0000007c        0x0 c:/drive d/my files/handasa/self study/embedded systems/imt diploma/software/imt_sdk_win_64/imt_sdk_win_64/winavr/bin/../lib/gcc/avr/4.3.3/avr5\libgcc.a(_exit.o)
 .text          0x0000007c        0x0 c:/drive d/my files/handasa/self study/embedded systems/imt diploma/software/imt_sdk_win_64/imt_sdk_win_64/winavr/bin/../lib/gcc/avr/4.3.3/avr5\libgcc.a(_clear_bss.o)
                0x0000007c                . = ALIGN (0x2)
 *(.text.*)
 .text.Motor_init
                0x0000007c       0xb6 ./motor.o
                0x0000007c                Motor_init
 .text.Motor_move_forward
                0x00000132       0x46 ./motor.o
                0x00000132                Motor_move_forward
 .text.Motor_move_backward
                0x00000178       0x46 ./motor.o
                0x00000178                Motor_move_backward
 .text.Motor_turn_right
                0x000001be       0x46 ./motor.o
                0x000001be                Motor_turn_right
 .text.Motor_turn_left
                0x00000204       0x46 ./motor.o
                0x00000204                Motor_turn_left
 .text.Motor_slide_right
                0x0000024a       0x46 ./motor.o
                0x0000024a                Motor_slide_right
 .text.Motor_slide_left
                0x00000290       0x46 ./motor.o
                0x00000290                Motor_slide_left
 .text.Motor_stop
                0x000002d6       0x46 ./motor.o
                0x000002d6                Motor_stop
 .text.main     0x0000031c       0xf4 ./phase2.o
                0x0000031c                main
 .text.timer1_pwm_init
                0x00000410       0x90 ./pwm.o
                0x00000410                timer1_pwm_init
 .text.__vector_11
                0x000004a0       0x7c ./timer.o
                0x000004a0                __vector_11
 .text.timer0_init
                0x0000051c       0x3e ./timer.o
                0x0000051c                timer0_init
 .text.Ultrasonic_init
                0x0000055a       0x1c ./ultrasonic.o
                0x0000055a                Ultrasonic_init
 .text.Ultrasonic_start
                0x00000576       0x24 ./ultrasonic.o
                0x00000576                Ultrasonic_start
 .text.Ultrasonic_en_interrupt
                0x0000059a       0x54 ./ultrasonic.o
                0x0000059a                Ultrasonic_en_interrupt
 .text.__vector_3
                0x000005ee       0x7c ./ultrasonic.o
                0x000005ee                __vector_3
 .text.libgcc   0x0000066a       0x28 c:/drive d/my files/handasa/self study/embedded systems/imt diploma/software/imt_sdk_win_64/imt_sdk_win_64/winavr/bin/../lib/gcc/avr/4.3.3/avr5\libgcc.a(_udivmodhi4.o)
                0x0000066a                __udivmodhi4
 .text.libgcc   0x00000692        0x0 c:/drive d/my files/handasa/self study/embedded systems/imt diploma/software/imt_sdk_win_64/imt_sdk_win_64/winavr/bin/../lib/gcc/avr/4.3.3/avr5\libgcc.a(_exit.o)
 .text.libgcc   0x00000692        0x0 c:/drive d/my files/handasa/self study/embedded systems/imt diploma/software/imt_sdk_win_64/imt_sdk_win_64/winavr/bin/../lib/gcc/avr/4.3.3/avr5\libgcc.a(_clear_bss.o)
                0x00000692                . = ALIGN (0x2)
 *(.fini9)
 .fini9         0x00000692        0x0 c:/drive d/my files/handasa/self study/embedded systems/imt diploma/software/imt_sdk_win_64/imt_sdk_win_64/winavr/bin/../lib/gcc/avr/4.3.3/avr5\libgcc.a(_exit.o)
                0x00000692                exit
                0x00000692                _exit
 *(.fini9)
 *(.fini8)
 *(.fini8)
 *(.fini7)
 *(.fini7)
 *(.fini6)
 *(.fini6)
 *(.fini5)
 *(.fini5)
 *(.fini4)
 *(.fini4)
 *(.fini3)
 *(.fini3)
 *(.fini2)
 *(.fini2)
 *(.fini1)
 *(.fini1)
 *(.fini0)
 .fini0         0x00000692        0x4 c:/drive d/my files/handasa/self study/embedded systems/imt diploma/software/imt_sdk_win_64/imt_sdk_win_64/winavr/bin/../lib/gcc/avr/4.3.3/avr5\libgcc.a(_exit.o)
 *(.fini0)
                0x00000696                _etext = .

.data           0x00800060        0x0 load address 0x00000696
                0x00800060                PROVIDE (__data_start, .)
 *(.data)
 .data          0x00800060        0x0 c:/drive d/my files/handasa/self study/embedded systems/imt diploma/software/imt_sdk_win_64/imt_sdk_win_64/winavr/bin/../lib/gcc/avr/4.3.3/../../../../avr/lib/avr5/crtm32.o
 .data          0x00800060        0x0 ./motor.o
 .data          0x00800060        0x0 ./phase2.o
 .data          0x00800060        0x0 ./pwm.o
 .data          0x00800060        0x0 ./timer.o
 .data          0x00800060        0x0 ./ultrasonic.o
 .data          0x00800060        0x0 c:/drive d/my files/handasa/self study/embedded systems/imt diploma/software/imt_sdk_win_64/imt_sdk_win_64/winavr/bin/../lib/gcc/avr/4.3.3/avr5\libgcc.a(_udivmodhi4.o)
 .data          0x00800060        0x0 c:/drive d/my files/handasa/self study/embedded systems/imt diploma/software/imt_sdk_win_64/imt_sdk_win_64/winavr/bin/../lib/gcc/avr/4.3.3/avr5\libgcc.a(_exit.o)
 .data          0x00800060        0x0 c:/drive d/my files/handasa/self study/embedded systems/imt diploma/software/imt_sdk_win_64/imt_sdk_win_64/winavr/bin/../lib/gcc/avr/4.3.3/avr5\libgcc.a(_clear_bss.o)
 *(.data*)
 *(.rodata)
 *(.rodata*)
 *(.gnu.linkonce.d*)
                0x00800060                . = ALIGN (0x2)
                0x00800060                _edata = .
                0x00800060                PROVIDE (__data_end, .)

.bss            0x00800060        0x7
                0x00800060                PROVIDE (__bss_start, .)
 *(.bss)
 .bss           0x00800060        0x0 c:/drive d/my files/handasa/self study/embedded systems/imt diploma/software/imt_sdk_win_64/imt_sdk_win_64/winavr/bin/../lib/gcc/avr/4.3.3/../../../../avr/lib/avr5/crtm32.o
 .bss           0x00800060        0x0 ./motor.o
 .bss           0x00800060        0x0 ./phase2.o
 .bss           0x00800060        0x0 ./pwm.o
 .bss           0x00800060        0x0 ./timer.o
 .bss           0x00800060        0x0 ./ultrasonic.o
 .bss           0x00800060        0x0 c:/drive d/my files/handasa/self study/embedded systems/imt diploma/software/imt_sdk_win_64/imt_sdk_win_64/winavr/bin/../lib/gcc/avr/4.3.3/avr5\libgcc.a(_udivmodhi4.o)
 .bss           0x00800060        0x0 c:/drive d/my files/handasa/self study/embedded systems/imt diploma/software/imt_sdk_win_64/imt_sdk_win_64/winavr/bin/../lib/gcc/avr/4.3.3/avr5\libgcc.a(_exit.o)
 .bss           0x00800060        0x0 c:/drive d/my files/handasa/self study/embedded systems/imt diploma/software/imt_sdk_win_64/imt_sdk_win_64/winavr/bin/../lib/gcc/avr/4.3.3/avr5\libgcc.a(_clear_bss.o)
 *(.bss*)
 .bss.pulse_flag
                0x00800060        0x1 ./timer.o
                0x00800060                pulse_flag
 .bss.g_tick    0x00800061        0x4 ./timer.o
                0x00800061                g_tick
 .bss.Distance  0x00800065        0x2 ./ultrasonic.o
                0x00800065                Distance
 *(COMMON)
                0x00800067                PROVIDE (__bss_end, .)
                0x00000696                __data_load_start = LOADADDR (.data)
                0x00000696                __data_load_end = (__data_load_start + SIZEOF (.data))

.noinit         0x00800067        0x0
                0x00800067                PROVIDE (__noinit_start, .)
 *(.noinit*)
                0x00800067                PROVIDE (__noinit_end, .)
                0x00800067                _end = .
                0x00800067                PROVIDE (__heap_start, .)

.eeprom         0x00810000        0x0
 *(.eeprom*)
                0x00810000                __eeprom_end = .

.fuse
 *(.fuse)
 *(.lfuse)
 *(.hfuse)
 *(.efuse)

.lock
 *(.lock*)

.signature
 *(.signature*)

.stab           0x00000000      0xc78
 *(.stab)
 .stab          0x00000000      0x498 ./motor.o
 .stab          0x00000498      0x258 ./phase2.o
                                0x2f4 (size before relaxing)
 .stab          0x000006f0      0x1b0 ./pwm.o
                                0x24c (size before relaxing)
 .stab          0x000008a0      0x1bc ./timer.o
                                0x258 (size before relaxing)
 .stab          0x00000a5c      0x21c ./ultrasonic.o
                                0x2c4 (size before relaxing)

.stabstr        0x00000000      0x56a
 *(.stabstr)
 .stabstr       0x00000000      0x56a ./motor.o

.stab.excl
 *(.stab.excl)

.stab.exclstr
 *(.stab.exclstr)

.stab.index
 *(.stab.index)

.stab.indexstr
 *(.stab.indexstr)

.comment
 *(.comment)

.debug
 *(.debug)

.line
 *(.line)

.debug_srcinfo
 *(.debug_srcinfo)

.debug_sfnames
 *(.debug_sfnames)

.debug_aranges
 *(.debug_aranges)

.debug_pubnames
 *(.debug_pubnames)

.debug_info
 *(.debug_info)
 *(.gnu.linkonce.wi.*)

.debug_abbrev
 *(.debug_abbrev)

.debug_line
 *(.debug_line)

.debug_frame
 *(.debug_frame)

.debug_str
 *(.debug_str)

.debug_loc
 *(.debug_loc)

.debug_macinfo
 *(.debug_macinfo)
OUTPUT(sprints_phase2.elf elf32-avr)
LOAD linker stubs
