Archive member included because of file (symbol)

c:/drive d/my files/handasa/self study/embedded systems/imt diploma/software/imt_sdk_win_64/imt_sdk_win_64/winavr/bin/../lib/gcc/avr/4.3.3/avr5\libgcc.a(_udivmodhi4.o)
                              ./phase3.o (__udivmodhi4)
c:/drive d/my files/handasa/self study/embedded systems/imt diploma/software/imt_sdk_win_64/imt_sdk_win_64/winavr/bin/../lib/gcc/avr/4.3.3/avr5\libgcc.a(_divmodhi4.o)
                              ./phase3.o (__divmodhi4)
c:/drive d/my files/handasa/self study/embedded systems/imt diploma/software/imt_sdk_win_64/imt_sdk_win_64/winavr/bin/../lib/gcc/avr/4.3.3/avr5\libgcc.a(_exit.o)
                              c:/drive d/my files/handasa/self study/embedded systems/imt diploma/software/imt_sdk_win_64/imt_sdk_win_64/winavr/bin/../lib/gcc/avr/4.3.3/../../../../avr/lib/avr5/crtm32.o (exit)
c:/drive d/my files/handasa/self study/embedded systems/imt diploma/software/imt_sdk_win_64/imt_sdk_win_64/winavr/bin/../lib/gcc/avr/4.3.3/avr5\libgcc.a(_clear_bss.o)
                              ./phase3.o (__do_clear_bss)

Memory Configuration

Name             Origin             Length             Attributes
text             0x00000000         0x00020000         xr
data             0x00800060         0x0000ffa0         rw !x
eeprom           0x00810000         0x00010000         rw !x
fuse             0x00820000         0x00000400         rw !x
lock             0x00830000         0x00000400         rw !x
signature        0x00840000         0x00000400         rw !x
*default*        0x00000000         0xffffffff

Linker script and memory map

LOAD c:/drive d/my files/handasa/self study/embedded systems/imt diploma/software/imt_sdk_win_64/imt_sdk_win_64/winavr/bin/../lib/gcc/avr/4.3.3/../../../../avr/lib/avr5/crtm32.o
LOAD ./motor.o
LOAD ./phase3.o
LOAD ./pwm.o
LOAD ./timer0.o
LOAD ./timer2.o
LOAD ./ultrasonic.o
LOAD c:/drive d/my files/handasa/self study/embedded systems/imt diploma/software/imt_sdk_win_64/imt_sdk_win_64/winavr/bin/../lib/gcc/avr/4.3.3/avr5\libgcc.a
LOAD c:/drive d/my files/handasa/self study/embedded systems/imt diploma/software/imt_sdk_win_64/imt_sdk_win_64/winavr/bin/../lib/gcc/avr/4.3.3/../../../../avr/lib/avr5\libc.a
LOAD c:/drive d/my files/handasa/self study/embedded systems/imt diploma/software/imt_sdk_win_64/imt_sdk_win_64/winavr/bin/../lib/gcc/avr/4.3.3/avr5\libgcc.a

.hash
 *(.hash)

.dynsym
 *(.dynsym)

.dynstr
 *(.dynstr)

.gnu.version
 *(.gnu.version)

.gnu.version_d
 *(.gnu.version_d)

.gnu.version_r
 *(.gnu.version_r)

.rel.init
 *(.rel.init)

.rela.init
 *(.rela.init)

.rel.text
 *(.rel.text)
 *(.rel.text.*)
 *(.rel.gnu.linkonce.t*)

.rela.text
 *(.rela.text)
 *(.rela.text.*)
 *(.rela.gnu.linkonce.t*)

.rel.fini
 *(.rel.fini)

.rela.fini
 *(.rela.fini)

.rel.rodata
 *(.rel.rodata)
 *(.rel.rodata.*)
 *(.rel.gnu.linkonce.r*)

.rela.rodata
 *(.rela.rodata)
 *(.rela.rodata.*)
 *(.rela.gnu.linkonce.r*)

.rel.data
 *(.rel.data)
 *(.rel.data.*)
 *(.rel.gnu.linkonce.d*)

.rela.data
 *(.rela.data)
 *(.rela.data.*)
 *(.rela.gnu.linkonce.d*)

.rel.ctors
 *(.rel.ctors)

.rela.ctors
 *(.rela.ctors)

.rel.dtors
 *(.rel.dtors)

.rela.dtors
 *(.rela.dtors)

.rel.got
 *(.rel.got)

.rela.got
 *(.rela.got)

.rel.bss
 *(.rel.bss)

.rela.bss
 *(.rela.bss)

.rel.plt
 *(.rel.plt)

.rela.plt
 *(.rela.plt)

.text           0x00000000      0xa1c
 *(.vectors)
 .vectors       0x00000000       0x54 c:/drive d/my files/handasa/self study/embedded systems/imt diploma/software/imt_sdk_win_64/imt_sdk_win_64/winavr/bin/../lib/gcc/avr/4.3.3/../../../../avr/lib/avr5/crtm32.o
                0x00000000                __vectors
                0x00000000                __vector_default
 *(.vectors)
 *(.progmem.gcc*)
 *(.progmem*)
                0x00000054                . = ALIGN (0x2)
                0x00000054                __trampolines_start = .
 *(.trampolines)
 .trampolines   0x00000054        0x0 linker stubs
 *(.trampolines*)
                0x00000054                __trampolines_end = .
 *(.jumptables)
 *(.jumptables*)
 *(.lowtext)
 *(.lowtext*)
                0x00000054                __ctors_start = .
 *(.ctors)
                0x00000054                __ctors_end = .
                0x00000054                __dtors_start = .
 *(.dtors)
                0x00000054                __dtors_end = .
 SORT(*)(.ctors)
 SORT(*)(.dtors)
 *(.init0)
 .init0         0x00000054        0x0 c:/drive d/my files/handasa/self study/embedded systems/imt diploma/software/imt_sdk_win_64/imt_sdk_win_64/winavr/bin/../lib/gcc/avr/4.3.3/../../../../avr/lib/avr5/crtm32.o
                0x00000054                __init
 *(.init0)
 *(.init1)
 *(.init1)
 *(.init2)
 .init2         0x00000054        0xc c:/drive d/my files/handasa/self study/embedded systems/imt diploma/software/imt_sdk_win_64/imt_sdk_win_64/winavr/bin/../lib/gcc/avr/4.3.3/../../../../avr/lib/avr5/crtm32.o
 *(.init2)
 *(.init3)
 *(.init3)
 *(.init4)
 .init4         0x00000060       0x10 c:/drive d/my files/handasa/self study/embedded systems/imt diploma/software/imt_sdk_win_64/imt_sdk_win_64/winavr/bin/../lib/gcc/avr/4.3.3/avr5\libgcc.a(_clear_bss.o)
                0x00000060                __do_clear_bss
 *(.init4)
 *(.init5)
 *(.init5)
 *(.init6)
 *(.init6)
 *(.init7)
 *(.init7)
 *(.init8)
 *(.init8)
 *(.init9)
 .init9         0x00000070        0x8 c:/drive d/my files/handasa/self study/embedded systems/imt diploma/software/imt_sdk_win_64/imt_sdk_win_64/winavr/bin/../lib/gcc/avr/4.3.3/../../../../avr/lib/avr5/crtm32.o
 *(.init9)
 *(.text)
 .text          0x00000078        0x4 c:/drive d/my files/handasa/self study/embedded systems/imt diploma/software/imt_sdk_win_64/imt_sdk_win_64/winavr/bin/../lib/gcc/avr/4.3.3/../../../../avr/lib/avr5/crtm32.o
                0x00000078                __vector_1
                0x00000078                __vector_12
                0x00000078                __bad_interrupt
                0x00000078                __vector_6
                0x00000078                __vector_13
                0x00000078                __vector_17
                0x00000078                __vector_19
                0x00000078                __vector_7
                0x00000078                __vector_4
                0x00000078                __vector_9
                0x00000078                __vector_2
                0x00000078                __vector_15
                0x00000078                __vector_8
                0x00000078                __vector_14
                0x00000078                __vector_10
                0x00000078                __vector_16
                0x00000078                __vector_18
                0x00000078                __vector_20
 .text          0x0000007c        0x0 ./motor.o
 .text          0x0000007c        0x0 ./phase3.o
 .text          0x0000007c        0x0 ./pwm.o
 .text          0x0000007c        0x0 ./timer0.o
 .text          0x0000007c        0x0 ./timer2.o
 .text          0x0000007c        0x0 ./ultrasonic.o
 .text          0x0000007c        0x0 c:/drive d/my files/handasa/self study/embedded systems/imt diploma/software/imt_sdk_win_64/imt_sdk_win_64/winavr/bin/../lib/gcc/avr/4.3.3/avr5\libgcc.a(_udivmodhi4.o)
 .text          0x0000007c        0x0 c:/drive d/my files/handasa/self study/embedded systems/imt diploma/software/imt_sdk_win_64/imt_sdk_win_64/winavr/bin/../lib/gcc/avr/4.3.3/avr5\libgcc.a(_divmodhi4.o)
 .text          0x0000007c        0x0 c:/drive d/my files/handasa/self study/embedded systems/imt diploma/software/imt_sdk_win_64/imt_sdk_win_64/winavr/bin/../lib/gcc/avr/4.3.3/avr5\libgcc.a(_exit.o)
 .text          0x0000007c        0x0 c:/drive d/my files/handasa/self study/embedded systems/imt diploma/software/imt_sdk_win_64/imt_sdk_win_64/winavr/bin/../lib/gcc/avr/4.3.3/avr5\libgcc.a(_clear_bss.o)
                0x0000007c                . = ALIGN (0x2)
 *(.text.*)
 .text.Motor_init
                0x0000007c       0xb6 ./motor.o
                0x0000007c                Motor_init
 .text.Motor_move_forward
                0x00000132       0x46 ./motor.o
                0x00000132                Motor_move_forward
 .text.Motor_move_backward
                0x00000178       0x46 ./motor.o
                0x00000178                Motor_move_backward
 .text.Motor_turn_right
                0x000001be       0x46 ./motor.o
                0x000001be                Motor_turn_right
 .text.Motor_turn_left
                0x00000204       0x46 ./motor.o
                0x00000204                Motor_turn_left
 .text.Motor_slide_right
                0x0000024a       0x46 ./motor.o
                0x0000024a                Motor_slide_right
 .text.Motor_slide_left
                0x00000290       0x46 ./motor.o
                0x00000290                Motor_slide_left
 .text.Motor_stop
                0x000002d6       0x46 ./motor.o
                0x000002d6                Motor_stop
 .text.main     0x0000031c      0x31e ./phase3.o
                0x0000031c                main
 .text.timer1_pwm_init
                0x0000063a       0x90 ./pwm.o
                0x0000063a                timer1_pwm_init
 .text.__vector_11
                0x000006ca       0x6e ./timer0.o
                0x000006ca                __vector_11
 .text.timer0_init
                0x00000738       0x3e ./timer0.o
                0x00000738                timer0_init
 .text.__vector_5
                0x00000776       0x6e ./timer2.o
                0x00000776                __vector_5
 .text.timer2_init
                0x000007e4       0x3e ./timer2.o
                0x000007e4                timer2_init
 .text.Ultrasonic_init
                0x00000822       0x38 ./ultrasonic.o
                0x00000822                Ultrasonic_init
 .text.Ultrasonic_front_start
                0x0000085a       0x24 ./ultrasonic.o
                0x0000085a                Ultrasonic_front_start
 .text.Ultrasonic_right_start
                0x0000087e       0x24 ./ultrasonic.o
                0x0000087e                Ultrasonic_right_start
 .text.Ultrasonic_en_interrupt
                0x000008a2       0x54 ./ultrasonic.o
                0x000008a2                Ultrasonic_en_interrupt
 .text.__vector_3
                0x000008f6       0xd4 ./ultrasonic.o
                0x000008f6                __vector_3
 .text.libgcc   0x000009ca       0x28 c:/drive d/my files/handasa/self study/embedded systems/imt diploma/software/imt_sdk_win_64/imt_sdk_win_64/winavr/bin/../lib/gcc/avr/4.3.3/avr5\libgcc.a(_udivmodhi4.o)
                0x000009ca                __udivmodhi4
 .text.libgcc   0x000009f2       0x26 c:/drive d/my files/handasa/self study/embedded systems/imt diploma/software/imt_sdk_win_64/imt_sdk_win_64/winavr/bin/../lib/gcc/avr/4.3.3/avr5\libgcc.a(_divmodhi4.o)
                0x000009f2                __divmodhi4
                0x000009f2                _div
 .text.libgcc   0x00000a18        0x0 c:/drive d/my files/handasa/self study/embedded systems/imt diploma/software/imt_sdk_win_64/imt_sdk_win_64/winavr/bin/../lib/gcc/avr/4.3.3/avr5\libgcc.a(_exit.o)
 .text.libgcc   0x00000a18        0x0 c:/drive d/my files/handasa/self study/embedded systems/imt diploma/software/imt_sdk_win_64/imt_sdk_win_64/winavr/bin/../lib/gcc/avr/4.3.3/avr5\libgcc.a(_clear_bss.o)
                0x00000a18                . = ALIGN (0x2)
 *(.fini9)
 .fini9         0x00000a18        0x0 c:/drive d/my files/handasa/self study/embedded systems/imt diploma/software/imt_sdk_win_64/imt_sdk_win_64/winavr/bin/../lib/gcc/avr/4.3.3/avr5\libgcc.a(_exit.o)
                0x00000a18                exit
                0x00000a18                _exit
 *(.fini9)
 *(.fini8)
 *(.fini8)
 *(.fini7)
 *(.fini7)
 *(.fini6)
 *(.fini6)
 *(.fini5)
 *(.fini5)
 *(.fini4)
 *(.fini4)
 *(.fini3)
 *(.fini3)
 *(.fini2)
 *(.fini2)
 *(.fini1)
 *(.fini1)
 *(.fini0)
 .fini0         0x00000a18        0x4 c:/drive d/my files/handasa/self study/embedded systems/imt diploma/software/imt_sdk_win_64/imt_sdk_win_64/winavr/bin/../lib/gcc/avr/4.3.3/avr5\libgcc.a(_exit.o)
 *(.fini0)
                0x00000a1c                _etext = .

.data           0x00800060        0x0 load address 0x00000a1c
                0x00800060                PROVIDE (__data_start, .)
 *(.data)
 .data          0x00800060        0x0 c:/drive d/my files/handasa/self study/embedded systems/imt diploma/software/imt_sdk_win_64/imt_sdk_win_64/winavr/bin/../lib/gcc/avr/4.3.3/../../../../avr/lib/avr5/crtm32.o
 .data          0x00800060        0x0 ./motor.o
 .data          0x00800060        0x0 ./phase3.o
 .data          0x00800060        0x0 ./pwm.o
 .data          0x00800060        0x0 ./timer0.o
 .data          0x00800060        0x0 ./timer2.o
 .data          0x00800060        0x0 ./ultrasonic.o
 .data          0x00800060        0x0 c:/drive d/my files/handasa/self study/embedded systems/imt diploma/software/imt_sdk_win_64/imt_sdk_win_64/winavr/bin/../lib/gcc/avr/4.3.3/avr5\libgcc.a(_udivmodhi4.o)
 .data          0x00800060        0x0 c:/drive d/my files/handasa/self study/embedded systems/imt diploma/software/imt_sdk_win_64/imt_sdk_win_64/winavr/bin/../lib/gcc/avr/4.3.3/avr5\libgcc.a(_divmodhi4.o)
 .data          0x00800060        0x0 c:/drive d/my files/handasa/self study/embedded systems/imt diploma/software/imt_sdk_win_64/imt_sdk_win_64/winavr/bin/../lib/gcc/avr/4.3.3/avr5\libgcc.a(_exit.o)
 .data          0x00800060        0x0 c:/drive d/my files/handasa/self study/embedded systems/imt diploma/software/imt_sdk_win_64/imt_sdk_win_64/winavr/bin/../lib/gcc/avr/4.3.3/avr5\libgcc.a(_clear_bss.o)
 *(.data*)
 *(.rodata)
 *(.rodata*)
 *(.gnu.linkonce.d*)
                0x00800060                . = ALIGN (0x2)
                0x00800060                _edata = .
                0x00800060                PROVIDE (__data_end, .)

.bss            0x00800060       0x19
                0x00800060                PROVIDE (__bss_start, .)
 *(.bss)
 .bss           0x00800060        0x0 c:/drive d/my files/handasa/self study/embedded systems/imt diploma/software/imt_sdk_win_64/imt_sdk_win_64/winavr/bin/../lib/gcc/avr/4.3.3/../../../../avr/lib/avr5/crtm32.o
 .bss           0x00800060        0x0 ./motor.o
 .bss           0x00800060        0x0 ./phase3.o
 .bss           0x00800060        0x0 ./pwm.o
 .bss           0x00800060        0x0 ./timer0.o
 .bss           0x00800060        0x0 ./timer2.o
 .bss           0x00800060        0x0 ./ultrasonic.o
 .bss           0x00800060        0x0 c:/drive d/my files/handasa/self study/embedded systems/imt diploma/software/imt_sdk_win_64/imt_sdk_win_64/winavr/bin/../lib/gcc/avr/4.3.3/avr5\libgcc.a(_udivmodhi4.o)
 .bss           0x00800060        0x0 c:/drive d/my files/handasa/self study/embedded systems/imt diploma/software/imt_sdk_win_64/imt_sdk_win_64/winavr/bin/../lib/gcc/avr/4.3.3/avr5\libgcc.a(_divmodhi4.o)
 .bss           0x00800060        0x0 c:/drive d/my files/handasa/self study/embedded systems/imt diploma/software/imt_sdk_win_64/imt_sdk_win_64/winavr/bin/../lib/gcc/avr/4.3.3/avr5\libgcc.a(_exit.o)
 .bss           0x00800060        0x0 c:/drive d/my files/handasa/self study/embedded systems/imt diploma/software/imt_sdk_win_64/imt_sdk_win_64/winavr/bin/../lib/gcc/avr/4.3.3/avr5\libgcc.a(_clear_bss.o)
 *(.bss*)
 .bss.falling_edge_flag
                0x00800060        0x1 ./phase3.o
                0x00800060                falling_edge_flag
 .bss.Distance_right
                0x00800061        0x2 ./phase3.o
                0x00800061                Distance_right
 .bss.Distance_right_arr
                0x00800063        0x6 ./phase3.o
                0x00800063                Distance_right_arr
 .bss.Distance_right_sample_count
                0x00800069        0x1 ./phase3.o
                0x00800069                Distance_right_sample_count
 .bss.pulse_flag_0
                0x0080006a        0x1 ./timer0.o
                0x0080006a                pulse_flag_0
 .bss.g_tick_front
                0x0080006b        0x1 ./timer0.o
                0x0080006b                g_tick_front
 .bss.front_flag
                0x0080006c        0x1 ./timer0.o
                0x0080006c                front_flag
 .bss.pulse_flag_2
                0x0080006d        0x1 ./timer2.o
                0x0080006d                pulse_flag_2
 .bss.g_tick_right
                0x0080006e        0x1 ./timer2.o
                0x0080006e                g_tick_right
 .bss.right_flag
                0x0080006f        0x1 ./timer2.o
                0x0080006f                right_flag
 .bss.Distance_front
                0x00800070        0x2 ./ultrasonic.o
                0x00800070                Distance_front
 .bss.Distance_front_arr
                0x00800072        0x6 ./ultrasonic.o
                0x00800072                Distance_front_arr
 .bss.Distance_front_sample_count
                0x00800078        0x1 ./ultrasonic.o
                0x00800078                Distance_front_sample_count
 *(COMMON)
                0x00800079                PROVIDE (__bss_end, .)
                0x00000a1c                __data_load_start = LOADADDR (.data)
                0x00000a1c                __data_load_end = (__data_load_start + SIZEOF (.data))

.noinit         0x00800079        0x0
                0x00800079                PROVIDE (__noinit_start, .)
 *(.noinit*)
                0x00800079                PROVIDE (__noinit_end, .)
                0x00800079                _end = .
                0x00800079                PROVIDE (__heap_start, .)

.eeprom         0x00810000        0x0
 *(.eeprom*)
                0x00810000                __eeprom_end = .

.fuse
 *(.fuse)
 *(.lfuse)
 *(.hfuse)
 *(.efuse)

.lock
 *(.lock*)

.signature
 *(.signature*)

.stab           0x00000000     0x1128
 *(.stab)
 .stab          0x00000000      0x498 ./motor.o
 .stab          0x00000498      0x444 ./phase3.o
                                0x4e0 (size before relaxing)
 .stab          0x000008dc      0x1b0 ./pwm.o
                                0x24c (size before relaxing)
 .stab          0x00000a8c      0x1ec ./timer0.o
                                0x288 (size before relaxing)
 .stab          0x00000c78      0x1ec ./timer2.o
                                0x288 (size before relaxing)
 .stab          0x00000e64      0x2c4 ./ultrasonic.o
                                0x36c (size before relaxing)

.stabstr        0x00000000      0x765
 *(.stabstr)
 .stabstr       0x00000000      0x765 ./motor.o

.stab.excl
 *(.stab.excl)

.stab.exclstr
 *(.stab.exclstr)

.stab.index
 *(.stab.index)

.stab.indexstr
 *(.stab.indexstr)

.comment
 *(.comment)

.debug
 *(.debug)

.line
 *(.line)

.debug_srcinfo
 *(.debug_srcinfo)

.debug_sfnames
 *(.debug_sfnames)

.debug_aranges
 *(.debug_aranges)

.debug_pubnames
 *(.debug_pubnames)

.debug_info
 *(.debug_info)
 *(.gnu.linkonce.wi.*)

.debug_abbrev
 *(.debug_abbrev)

.debug_line
 *(.debug_line)

.debug_frame
 *(.debug_frame)

.debug_str
 *(.debug_str)

.debug_loc
 *(.debug_loc)

.debug_macinfo
 *(.debug_macinfo)
OUTPUT(sprints_phase3_modified.elf elf32-avr)
LOAD linker stubs
